Date,Payee,Memo,Inflow,Outflow
2024-12-13,Who 1.2.3                                   Some Address 132.,"129837128723/. Some Company T123, Ihr Einkauf",0,2.75
2024-12-13,Who 1.2.3                                   Some Address 132.,"129837128723/. Some Company T123, Ihr Einkauf",0,75
2024-12-11,Some Person,Some reason,0,1001
2024-12-11,Some Person,"Same, or other reason",0,1001.22
2024-12-11,Some Income,"Some/Reason,1232424/151341232/ABC/312",1234.56,0
