Date,Payee,Memo,Inflow,Outflow
2024-12-22,Some payee,memo1,0,2.5
2024-01-23,Payee2,"memo with comma, here",3500.0,0
